warn: Base 10 memory/cache size 2GB will be cast to base 2 size 2GiB.
Global frequency set at 1000000000000 ticks per second
warn: No dot file generated. Please install pydot to generate the dot file and pdf.
src/mem/dram_interface.cc:690: warn: DRAM device capacity (8192 Mbytes) does not match the address range assigned (2048 Mbytes)
src/base/statistics.hh:279: warn: One of the stats is a legacy stat. Legacy stat is a stat that does not belong to any statistics::Group. Legacy stat is deprecated.
src/base/statistics.hh:279: warn: One of the stats is a legacy stat. Legacy stat is a stat that does not belong to any statistics::Group. Legacy stat is deprecated.
src/cpu/minor/execute.cc:164: warn: No functional unit for OpClass SimdUnitStrideSegmentedLoad
src/cpu/minor/execute.cc:164: warn: No functional unit for OpClass SimdUnitStrideSegmentedStore
src/cpu/minor/execute.cc:164: warn: No functional unit for OpClass SimdUnitStrideSegmentedFaultOnlyFirstLoad
src/cpu/minor/execute.cc:164: warn: No functional unit for OpClass SimdStrideSegmentedLoad
src/cpu/minor/execute.cc:164: warn: No functional unit for OpClass SimdStrideSegmentedStore
src/cpu/minor/execute.cc:164: warn: No functional unit for OpClass SimdUnitStrideSegmentedLoad
src/cpu/minor/execute.cc:164: warn: No functional unit for OpClass SimdUnitStrideSegmentedStore
src/cpu/minor/execute.cc:164: warn: No functional unit for OpClass SimdUnitStrideSegmentedFaultOnlyFirstLoad
src/cpu/minor/execute.cc:164: warn: No functional unit for OpClass SimdStrideSegmentedLoad
src/cpu/minor/execute.cc:164: warn: No functional unit for OpClass SimdStrideSegmentedStore
src/base/remote_gdb.cc:418: warn: Sockets disabled, not accepting gdb connections
gem5 Simulator System.  https://www.gem5.org
gem5 is copyrighted software; use the --copyright option for details.

gem5 version 25.1.0.1
gem5 compiled Jul 31 2026 21:20:51
gem5 started Aug 10 2026 03:10:37
gem5 executing on codespaces-7a130b, pid 66900
command line: ./build/X86/gem5.opt --outdir=./coursework/lab6-tlp/results/op4_issue3_t2 ./coursework/lab6-tlp/config_daxpy_tlp.py --cmd=./coursework/lab6-tlp/daxpy_mt '--options=2 1000000' --num-cpus=2 --op-lat=4 --issue-lat=3

info: Standard input is not a terminal, disabling listeners.
Beginning simulation: opLat=4 issueLat=3 numCPUs=2 cmd=./coursework/lab6-tlp/daxpy_mt options='2 1000000'
src/sim/syscall_emul.cc:86: warn: ignoring syscall set_robust_list(...)
src/sim/syscall_emul.cc:86: warn: ignoring syscall rseq(...)
src/sim/mem_state.cc:443: info: Increasing stack size by one page.
src/sim/syscall_emul.hh:1127: warn: readlink() called on '/proc/self/exe' may yield unexpected results in various settings.
      Returning '/workspaces/codespaces-blank/gem5/coursework/lab6-tlp/daxpy_mt'
src/sim/syscall_emul.cc:86: warn: ignoring syscall mprotect(...)
src/sim/syscall_emul.cc:97: warn: ignoring syscall rt_sigaction(...)
      (further warnings will be suppressed)
src/sim/syscall_emul.cc:97: warn: ignoring syscall rt_sigprocmask(...)
      (further warnings will be suppressed)
src/sim/syscall_emul.cc:86: warn: ignoring syscall mprotect(...)
src/sim/power_state.cc:105: warn: PowerState: Already in the requested power state, request ignored
src/sim/syscall_emul.cc:86: warn: ignoring syscall mprotect(...)
src/sim/syscall_emul.cc:86: warn: ignoring syscall rseq(...)
src/sim/syscall_emul.cc:86: warn: ignoring syscall set_robust_list(...)
src/sim/syscall_emul.cc:86: warn: ignoring syscall madvise(...)
threads=2 n=1000000 checksum=33748636.500000
Exiting @ tick 402063673500 because exiting with last active thread context
